!*** Graphical Modeling Framework (GMF) runtime map *****************************************

!*** GMF runtime features *******************************************************************
feature@org.eclipse.gmf=v20100720-0030,:pserver:anonymous@dev.eclipse.org:/cvsroot/modeling,,org.eclipse.gmp/org.eclipse.gmf.runtime/features/org.eclipse.gmf.runtime-feature
feature@org.eclipse.gmf.runtime.sdk=v20100720-0030,:pserver:anonymous@dev.eclipse.org:/cvsroot/modeling,,org.eclipse.gmp/org.eclipse.gmf.runtime/features/org.eclipse.gmf.runtime.sdk-feature
feature@org.eclipse.gmf.runtime.thirdparty=v20100521-1113,:pserver:anonymous@dev.eclipse.org:/cvsroot/modeling,,org.eclipse.gmp/org.eclipse.gmf.runtime/features/org.eclipse.gmf.runtime.thirdparty-feature
feature@org.eclipse.gmf.runtime.thirdparty.source=v20100511-1424,:pserver:anonymous@dev.eclipse.org:/cvsroot/modeling,,org.eclipse.gmp/org.eclipse.gmf.runtime/features/org.eclipse.gmf.runtime.thirdparty.source-feature

!*** GMF runtime plug-ins *******************************************************************
plugin@org.eclipse.gmf=v20100720-0030,:pserver:anonymous@dev.eclipse.org:/cvsroot/modeling,,org.eclipse.gmp/org.eclipse.gmf.runtime/plugins/org.eclipse.gmf
plugin@org.eclipse.gmf.runtime.sdk=v20100720-0030,:pserver:anonymous@dev.eclipse.org:/cvsroot/modeling,,org.eclipse.gmp/org.eclipse.gmf.runtime/plugins/org.eclipse.gmf.runtime.sdk
plugin@org.eclipse.gmf.runtime.common.core=v20100423-2359,:pserver:anonymous@dev.eclipse.org:/cvsroot/modeling,,org.eclipse.gmp/org.eclipse.gmf.runtime/plugins/org.eclipse.gmf.runtime.common.core
plugin@org.eclipse.gmf.runtime.common.ui=v20100518-2230,:pserver:anonymous@dev.eclipse.org:/cvsroot/modeling,,org.eclipse.gmp/org.eclipse.gmf.runtime/plugins/org.eclipse.gmf.runtime.common.ui
plugin@org.eclipse.gmf.runtime.common.ui.action=v20090403-1720,:pserver:anonymous@dev.eclipse.org:/cvsroot/modeling,,org.eclipse.gmp/org.eclipse.gmf.runtime/plugins/org.eclipse.gmf.runtime.common.ui.action
plugin@org.eclipse.gmf.runtime.common.ui.action.ide=v20100223-2359,:pserver:anonymous@dev.eclipse.org:/cvsroot/modeling,,org.eclipse.gmp/org.eclipse.gmf.runtime/plugins/org.eclipse.gmf.runtime.common.ui.action.ide
plugin@org.eclipse.gmf.runtime.common.ui.printing=v20100223-2359,:pserver:anonymous@dev.eclipse.org:/cvsroot/modeling,,org.eclipse.gmp/org.eclipse.gmf.runtime/plugins/org.eclipse.gmf.runtime.common.ui.printing
plugin@org.eclipse.gmf.runtime.common.ui.services=v20100423-2359,:pserver:anonymous@dev.eclipse.org:/cvsroot/modeling,,org.eclipse.gmp/org.eclipse.gmf.runtime/plugins/org.eclipse.gmf.runtime.common.ui.services
plugin@org.eclipse.gmf.runtime.common.ui.services.action=v20100430-1518,:pserver:anonymous@dev.eclipse.org:/cvsroot/modeling,,org.eclipse.gmp/org.eclipse.gmf.runtime/plugins/org.eclipse.gmf.runtime.common.ui.services.action
plugin@org.eclipse.gmf.runtime.common.ui.services.dnd=v20100423-2359,:pserver:anonymous@dev.eclipse.org:/cvsroot/modeling,,org.eclipse.gmp/org.eclipse.gmf.runtime/plugins/org.eclipse.gmf.runtime.common.ui.services.dnd
plugin@org.eclipse.gmf.runtime.common.ui.services.dnd.ide=v20090403-1720,:pserver:anonymous@dev.eclipse.org:/cvsroot/modeling,,org.eclipse.gmp/org.eclipse.gmf.runtime/plugins/org.eclipse.gmf.runtime.common.ui.services.dnd.ide
plugin@org.eclipse.gmf.runtime.common.ui.services.properties=v20100115-2350,:pserver:anonymous@dev.eclipse.org:/cvsroot/modeling,,org.eclipse.gmp/org.eclipse.gmf.runtime/plugins/org.eclipse.gmf.runtime.common.ui.services.properties
plugin@org.eclipse.gmf.runtime.diagram.core=v20100331-2359,:pserver:anonymous@dev.eclipse.org:/cvsroot/modeling,,org.eclipse.gmp/org.eclipse.gmf.runtime/plugins/org.eclipse.gmf.runtime.diagram.core
plugin@org.eclipse.gmf.runtime.notation.providers=v20100115-2350,:pserver:anonymous@dev.eclipse.org:/cvsroot/modeling,,org.eclipse.gmp/org.eclipse.gmf.runtime/plugins/org.eclipse.gmf.runtime.notation.providers
plugin@org.eclipse.gmf.runtime.diagram.ui=v20100720-0030,:pserver:anonymous@dev.eclipse.org:/cvsroot/modeling,,org.eclipse.gmp/org.eclipse.gmf.runtime/plugins/org.eclipse.gmf.runtime.diagram.ui
plugin@org.eclipse.gmf.runtime.diagram.ui.actions=v20100223-2359,:pserver:anonymous@dev.eclipse.org:/cvsroot/modeling,,org.eclipse.gmp/org.eclipse.gmf.runtime/plugins/org.eclipse.gmf.runtime.diagram.ui.actions
plugin@org.eclipse.gmf.runtime.diagram.ui.dnd=v20090403-1720,:pserver:anonymous@dev.eclipse.org:/cvsroot/modeling,,org.eclipse.gmp/org.eclipse.gmf.runtime/plugins/org.eclipse.gmf.runtime.diagram.ui.dnd
plugin@org.eclipse.gmf.runtime.diagram.ui.geoshapes=v20100419-2359,:pserver:anonymous@dev.eclipse.org:/cvsroot/modeling,,org.eclipse.gmp/org.eclipse.gmf.runtime/plugins/org.eclipse.gmf.runtime.diagram.ui.geoshapes
plugin@org.eclipse.gmf.runtime.diagram.ui.printing=v20100430-1518,:pserver:anonymous@dev.eclipse.org:/cvsroot/modeling,,org.eclipse.gmp/org.eclipse.gmf.runtime/plugins/org.eclipse.gmf.runtime.diagram.ui.printing
plugin@org.eclipse.gmf.runtime.diagram.ui.printing.render=v20100423-2359,:pserver:anonymous@dev.eclipse.org:/cvsroot/modeling,,org.eclipse.gmp/org.eclipse.gmf.runtime/plugins/org.eclipse.gmf.runtime.diagram.ui.printing.render
plugin@org.eclipse.gmf.runtime.diagram.ui.properties=v20100430-1518,:pserver:anonymous@dev.eclipse.org:/cvsroot/modeling,,org.eclipse.gmp/org.eclipse.gmf.runtime/plugins/org.eclipse.gmf.runtime.diagram.ui.properties
plugin@org.eclipse.gmf.runtime.diagram.ui.providers=v20100430-1518,:pserver:anonymous@dev.eclipse.org:/cvsroot/modeling,,org.eclipse.gmp/org.eclipse.gmf.runtime/plugins/org.eclipse.gmf.runtime.diagram.ui.providers
plugin@org.eclipse.gmf.runtime.diagram.ui.providers.ide=v20090403-1720,:pserver:anonymous@dev.eclipse.org:/cvsroot/modeling,,org.eclipse.gmp/org.eclipse.gmf.runtime/plugins/org.eclipse.gmf.runtime.diagram.ui.providers.ide
plugin@org.eclipse.gmf.runtime.diagram.ui.render=v20100511-1424,:pserver:anonymous@dev.eclipse.org:/cvsroot/modeling,,org.eclipse.gmp/org.eclipse.gmf.runtime/plugins/org.eclipse.gmf.runtime.diagram.ui.render
plugin@org.eclipse.gmf.runtime.diagram.ui.resources.editor=v20100729-0030,:pserver:anonymous@dev.eclipse.org:/cvsroot/modeling,,org.eclipse.gmp/org.eclipse.gmf.runtime/plugins/org.eclipse.gmf.runtime.diagram.ui.resources.editor
plugin@org.eclipse.gmf.runtime.diagram.ui.resources.editor.ide=v20100423-2359,:pserver:anonymous@dev.eclipse.org:/cvsroot/modeling,,org.eclipse.gmp/org.eclipse.gmf.runtime/plugins/org.eclipse.gmf.runtime.diagram.ui.resources.editor.ide
plugin@org.eclipse.gmf.runtime.draw2d.ui=v20100729-0030,:pserver:anonymous@dev.eclipse.org:/cvsroot/modeling,,org.eclipse.gmp/org.eclipse.gmf.runtime/plugins/org.eclipse.gmf.runtime.draw2d.ui
plugin@org.eclipse.gmf.runtime.draw2d.ui.render=v20100720-0030,:pserver:anonymous@dev.eclipse.org:/cvsroot/modeling,,org.eclipse.gmp/org.eclipse.gmf.runtime/plugins/org.eclipse.gmf.runtime.draw2d.ui.render
plugin@org.eclipse.gmf.runtime.draw2d.ui.render.awt=v20100720-0030,:pserver:anonymous@dev.eclipse.org:/cvsroot/modeling,,org.eclipse.gmp/org.eclipse.gmf.runtime/plugins/org.eclipse.gmf.runtime.draw2d.ui.render.awt
plugin@org.eclipse.gmf.runtime.gef.ui=v20100430-1518,:pserver:anonymous@dev.eclipse.org:/cvsroot/modeling,,org.eclipse.gmp/org.eclipse.gmf.runtime/plugins/org.eclipse.gmf.runtime.gef.ui
plugin@org.eclipse.gmf.runtime.emf.commands.core=v20100423-2359,:pserver:anonymous@dev.eclipse.org:/cvsroot/modeling,,org.eclipse.gmp/org.eclipse.gmf.runtime/plugins/org.eclipse.gmf.runtime.emf.commands.core
plugin@org.eclipse.gmf.runtime.emf.core=v20100325-2359,:pserver:anonymous@dev.eclipse.org:/cvsroot/modeling,,org.eclipse.gmp/org.eclipse.gmf.runtime/plugins/org.eclipse.gmf.runtime.emf.core
plugin@org.eclipse.gmf.runtime.emf.ui=v20090403-1720,:pserver:anonymous@dev.eclipse.org:/cvsroot/modeling,,org.eclipse.gmp/org.eclipse.gmf.runtime/plugins/org.eclipse.gmf.runtime.emf.ui
plugin@org.eclipse.gmf.runtime.emf.ui.properties=v20100304-2359,:pserver:anonymous@dev.eclipse.org:/cvsroot/modeling,,org.eclipse.gmp/org.eclipse.gmf.runtime/plugins/org.eclipse.gmf.runtime.emf.ui.properties
plugin@org.eclipse.gmf.runtime.emf.type.core=v20100423-2359,:pserver:anonymous@dev.eclipse.org:/cvsroot/modeling,,org.eclipse.gmp/org.eclipse.gmf.runtime/plugins/org.eclipse.gmf.runtime.emf.type.core
plugin@org.eclipse.gmf.runtime.emf.type.ui=v20090403-1720,:pserver:anonymous@dev.eclipse.org:/cvsroot/modeling,,org.eclipse.gmp/org.eclipse.gmf.runtime/plugins/org.eclipse.gmf.runtime.emf.type.ui
plugin@org.eclipse.gmf.runtime.emf.clipboard.core=v20100430-1518,:pserver:anonymous@dev.eclipse.org:/cvsroot/modeling,,org.eclipse.gmp/org.eclipse.gmf.runtime/plugins/org.eclipse.gmf.runtime.emf.clipboard.core

!*** GMF fragments ***************************************************************************
fragment@org.eclipse.gmf.runtime.common.ui.printing.win32=v20100223-2359,:pserver:anonymous@dev.eclipse.org:/cvsroot/modeling,,org.eclipse.gmp/org.eclipse.gmf.runtime/plugins/org.eclipse.gmf.runtime.common.ui.printing.win32