!*** Graphical Modeling Framework (GMF) examples map *****************************************

!*** GMF examples features *******************************************************************
feature@org.eclipse.gmf.examples.runtime=v20100603-2230,:pserver:anonymous@dev.eclipse.org:/cvsroot/modeling,,org.eclipse.gmp/org.eclipse.gmf.runtime/features/org.eclipse.gmf.examples.runtime-feature
feature@org.eclipse.gmf.examples.runtime.ui.pde=v20100511-1355,:pserver:anonymous@dev.eclipse.org:/cvsroot/modeling,,org.eclipse.gmp/org.eclipse.gmf.runtime/features/org.eclipse.gmf.examples.runtime.ui.pde-feature

!*** GMF examples plug-ins *******************************************************************
plugin@org.eclipse.gmf.examples.runtime=v20100511-1355,:pserver:anonymous@dev.eclipse.org:/cvsroot/modeling,,org.eclipse.gmp/org.eclipse.gmf.runtime/examples/org.eclipse.gmf.examples.runtime
plugin@org.eclipse.gmf.examples.runtime.common.service=v20100511-1355,:pserver:anonymous@dev.eclipse.org:/cvsroot/modeling,,org.eclipse.gmp/org.eclipse.gmf.runtime/examples/org.eclipse.gmf.examples.runtime.common.service
plugin@org.eclipse.gmf.examples.runtime.diagram.geoshapes=v20100511-1355,:pserver:anonymous@dev.eclipse.org:/cvsroot/modeling,,org.eclipse.gmp/org.eclipse.gmf.runtime/examples/org.eclipse.gmf.examples.runtime.diagram.geoshapes
plugin@org.eclipse.gmf.examples.runtime.diagram.logic=v20100121-1020,:pserver:anonymous@dev.eclipse.org:/cvsroot/modeling,,org.eclipse.gmp/org.eclipse.gmf.runtime/examples/org.eclipse.gmf.examples.runtime.diagram.logic
plugin@org.eclipse.gmf.examples.runtime.diagram.logic.model=v20090403-1720,:pserver:anonymous@dev.eclipse.org:/cvsroot/modeling,,org.eclipse.gmp/org.eclipse.gmf.runtime/examples/org.eclipse.gmf.examples.runtime.diagram.logic.model
plugin@org.eclipse.gmf.examples.runtime.diagram.logic.model.edit=v20090403-1720,:pserver:anonymous@dev.eclipse.org:/cvsroot/modeling,,org.eclipse.gmp/org.eclipse.gmf.runtime/examples/org.eclipse.gmf.examples.runtime.diagram.logic.model.edit
plugin@org.eclipse.gmf.examples.runtime.diagram.logic.model.editor=v20090403-1720,:pserver:anonymous@dev.eclipse.org:/cvsroot/modeling,,org.eclipse.gmp/org.eclipse.gmf.runtime/examples/org.eclipse.gmf.examples.runtime.diagram.logic.model.editor
plugin@org.eclipse.gmf.examples.runtime.diagram.decorator=v20090403-1720,:pserver:anonymous@dev.eclipse.org:/cvsroot/modeling,,org.eclipse.gmp/org.eclipse.gmf.runtime/examples/org.eclipse.gmf.examples.runtime.diagram.decorator
plugin@org.eclipse.gmf.examples.runtime.diagram.layout=v20090403-1720,:pserver:anonymous@dev.eclipse.org:/cvsroot/modeling,,org.eclipse.gmp/org.eclipse.gmf.runtime/examples/org.eclipse.gmf.examples.runtime.diagram.layout
plugin@org.eclipse.gmf.examples.runtime.emf.clipboard=v20100511-1355,:pserver:anonymous@dev.eclipse.org:/cvsroot/modeling,,org.eclipse.gmp/org.eclipse.gmf.runtime/examples/org.eclipse.gmf.examples.runtime.emf.clipboard
plugin@org.eclipse.gmf.examples.runtime.ui.pde=v20100511-1355,:pserver:anonymous@dev.eclipse.org:/cvsroot/modeling,,org.eclipse.gmp/org.eclipse.gmf.runtime/examples/org.eclipse.gmf.examples.runtime.ui.pde