!*** Graphical Modeling Framework (GMF) tests map *******************************************

!*** GMF tests features *********************************************************************
feature@org.eclipse.gmf.tests=v20080716-1600,:pserver:anonymous@dev.eclipse.org:/cvsroot/modeling,,org.eclipse.gmf/features/org.eclipse.gmf.tests-feature

!*** GMF tests plug-ins *********************************************************************
plugin@org.eclipse.gmf.tests=v20080716-1600,:pserver:anonymous@dev.eclipse.org:/cvsroot/modeling,,org.eclipse.gmf/tests/org.eclipse.gmf.tests
plugin@org.eclipse.gmf.tests.runtime.common.core=v20080507-1326,:pserver:anonymous@dev.eclipse.org:/cvsroot/modeling,,org.eclipse.gmf/tests/org.eclipse.gmf.tests.runtime.common.core
plugin@org.eclipse.gmf.tests.runtime.common.ui.services=v20080507-1326,:pserver:anonymous@dev.eclipse.org:/cvsroot/modeling,,org.eclipse.gmf/tests/org.eclipse.gmf.tests.runtime.common.ui.services
plugin@org.eclipse.gmf.tests.runtime.common.ui.services.action=v20080507-1326,:pserver:anonymous@dev.eclipse.org:/cvsroot/modeling,,org.eclipse.gmf/tests/org.eclipse.gmf.tests.runtime.common.ui.services.action
plugin@org.eclipse.gmf.tests.runtime.common.ui.services.provider=v20080425-1959,:pserver:anonymous@dev.eclipse.org:/cvsroot/modeling,,org.eclipse.gmf/tests/org.eclipse.gmf.tests.runtime.common.ui.services.provider
plugin@org.eclipse.gmf.tests.runtime.common.ui=v20080507-1326,:pserver:anonymous@dev.eclipse.org:/cvsroot/modeling,,org.eclipse.gmf/tests/org.eclipse.gmf.tests.runtime.common.ui
plugin@org.eclipse.gmf.tests.runtime.diagram.ui=v20100330-0314,:pserver:anonymous@dev.eclipse.org:/cvsroot/modeling,,org.eclipse.gmf/tests/org.eclipse.gmf.tests.runtime.diagram.ui
plugin@org.eclipse.gmf.tests.runtime.draw2d.ui.render=v20080507-2230,:pserver:anonymous@dev.eclipse.org:/cvsroot/modeling,,org.eclipse.gmf/tests/org.eclipse.gmf.tests.runtime.draw2d.ui.render
plugin@org.eclipse.gmf.tests.runtime.draw2d.ui=v20080507-1326,:pserver:anonymous@dev.eclipse.org:/cvsroot/modeling,,org.eclipse.gmf/tests/org.eclipse.gmf.tests.runtime.draw2d.ui
plugin@org.eclipse.gmf.tests.runtime.gef.ui=v20080507-1326,:pserver:anonymous@dev.eclipse.org:/cvsroot/modeling,,org.eclipse.gmf/tests/org.eclipse.gmf.tests.runtime.gef.ui
plugin@org.eclipse.gmf.tests.runtime.emf.clipboard.core=v20080507-1326,:pserver:anonymous@dev.eclipse.org:/cvsroot/modeling,,org.eclipse.gmf/tests/org.eclipse.gmf.tests.runtime.emf.clipboard.core
plugin@org.eclipse.gmf.tests.runtime.emf.commands.core=v20080507-1326,:pserver:anonymous@dev.eclipse.org:/cvsroot/modeling,,org.eclipse.gmf/tests/org.eclipse.gmf.tests.runtime.emf.commands.core
plugin@org.eclipse.gmf.tests.runtime.emf.ui=v20080507-1326,:pserver:anonymous@dev.eclipse.org:/cvsroot/modeling,,org.eclipse.gmf/tests/org.eclipse.gmf.tests.runtime.emf.ui
plugin@org.eclipse.gmf.tests.runtime.emf.ui.properties=v20080507-1326,:pserver:anonymous@dev.eclipse.org:/cvsroot/modeling,,org.eclipse.gmf/tests/org.eclipse.gmf.tests.runtime.emf.ui.properties
plugin@org.eclipse.gmf.tests.runtime.emf.type.core=v20080507-1326,:pserver:anonymous@dev.eclipse.org:/cvsroot/modeling,,org.eclipse.gmf/tests/org.eclipse.gmf.tests.runtime.emf.type.core
plugin@org.eclipse.gmf.tests.runtime.emf.type.ui=v20080507-1326,:pserver:anonymous@dev.eclipse.org:/cvsroot/modeling,,org.eclipse.gmf/tests/org.eclipse.gmf.tests.runtime.emf.type.ui

!*** Special entries from eclipse  
plugin@org.eclipse.test=v20080313,:pserver:anonymous@dev.eclipse.org:/cvsroot/eclipse,
fragment@org.eclipse.ant.optional.junit=v20070202,:pserver:anonymous@dev.eclipse.org:/cvsroot/eclipse,