!*** Graphical Modeling Framework (GMF) Tooling map ********************************************

!*** GMF tooling features **********************************************************************
feature@org.eclipse.gmf.tooling=v20080716-1600,:pserver:anonymous@dev.eclipse.org:/cvsroot/modeling,,org.eclipse.gmf/features/org.eclipse.gmf.tooling-feature

!*** GMF tooling plug-ins **********************************************************************
plugin@org.eclipse.gmf.tooling=v20080425-1959,:pserver:anonymous@dev.eclipse.org:/cvsroot/modeling,,org.eclipse.gmf/plugins/org.eclipse.gmf.tooling
plugin@org.eclipse.gmf.common=v20080610-1132,:pserver:anonymous@dev.eclipse.org:/cvsroot/modeling,,org.eclipse.gmf/plugins/org.eclipse.gmf.common
plugin@org.eclipse.gmf.bridge=v20090212-1755,:pserver:anonymous@dev.eclipse.org:/cvsroot/modeling,,org.eclipse.gmf/plugins/org.eclipse.gmf.bridge
plugin@org.eclipse.gmf.bridge.ui=v20080417-1610,:pserver:anonymous@dev.eclipse.org:/cvsroot/modeling,,org.eclipse.gmf/plugins/org.eclipse.gmf.bridge.ui
plugin@org.eclipse.gmf.bridge.ui.dashboard=v20080417-1610,:pserver:anonymous@dev.eclipse.org:/cvsroot/modeling,,org.eclipse.gmf/plugins/org.eclipse.gmf.bridge.ui.dashboard
plugin@org.eclipse.gmf.codegen=v20090212-1755,:pserver:anonymous@dev.eclipse.org:/cvsroot/modeling,,org.eclipse.gmf/plugins/org.eclipse.gmf.codegen
plugin@org.eclipse.gmf.codegen.edit=v20080718-1700,:pserver:anonymous@dev.eclipse.org:/cvsroot/modeling,,org.eclipse.gmf/plugins/org.eclipse.gmf.codegen.edit
plugin@org.eclipse.gmf.codegen.ui=v20080512-1200,:pserver:anonymous@dev.eclipse.org:/cvsroot/modeling,,org.eclipse.gmf/plugins/org.eclipse.gmf.codegen.ui
plugin@org.eclipse.gmf.graphdef=v20080528-1052,:pserver:anonymous@dev.eclipse.org:/cvsroot/modeling,,org.eclipse.gmf/plugins/org.eclipse.gmf.graphdef
plugin@org.eclipse.gmf.graphdef.codegen=v20080528-1052,:pserver:anonymous@dev.eclipse.org:/cvsroot/modeling,,org.eclipse.gmf/plugins/org.eclipse.gmf.graphdef.codegen
plugin@org.eclipse.gmf.graphdef.codegen.ui=v20080425-1959,:pserver:anonymous@dev.eclipse.org:/cvsroot/modeling,,org.eclipse.gmf/plugins/org.eclipse.gmf.graphdef.codegen.ui
plugin@org.eclipse.gmf.graphdef.edit=v20080610-1132,:pserver:anonymous@dev.eclipse.org:/cvsroot/modeling,,org.eclipse.gmf/plugins/org.eclipse.gmf.graphdef.edit
plugin@org.eclipse.gmf.map=v20080521,:pserver:anonymous@dev.eclipse.org:/cvsroot/modeling,,org.eclipse.gmf/plugins/org.eclipse.gmf.map
plugin@org.eclipse.gmf.map.edit=v20080716-1600,:pserver:anonymous@dev.eclipse.org:/cvsroot/modeling,,org.eclipse.gmf/plugins/org.eclipse.gmf.map.edit
plugin@org.eclipse.gmf.map.editor=v20080425-1959,:pserver:anonymous@dev.eclipse.org:/cvsroot/modeling,,org.eclipse.gmf/plugins/org.eclipse.gmf.map.editor
plugin@org.eclipse.gmf.tooldef=v20080417-1610,:pserver:anonymous@dev.eclipse.org:/cvsroot/modeling,,org.eclipse.gmf/plugins/org.eclipse.gmf.tooldef
plugin@org.eclipse.gmf.tooldef.edit=v20080610-1132,:pserver:anonymous@dev.eclipse.org:/cvsroot/modeling,,org.eclipse.gmf/plugins/org.eclipse.gmf.tooldef.edit
plugin@org.eclipse.gmf.validate=v20080603-1553,:pserver:anonymous@dev.eclipse.org:/cvsroot/modeling,,org.eclipse.gmf/plugins/org.eclipse.gmf.validate
plugin@org.eclipse.gmf.xpand=v20080716-1600,:pserver:anonymous@dev.eclipse.org:/cvsroot/modeling,,org.eclipse.gmf/plugins/org.eclipse.gmf.xpand
plugin@org.eclipse.gmf.xpand.editor=v20080812-2100,:pserver:anonymous@dev.eclipse.org:/cvsroot/modeling,,org.eclipse.gmf/plugins/org.eclipse.gmf.xpand.editor
