!*** Graphical Modeling Framework (GMF) runtime map *****************************************

!*** GMF runtime features *******************************************************************
feature@org.eclipse.gmf=v20090122-1525,:pserver:anonymous@dev.eclipse.org:/cvsroot/modeling,,org.eclipse.gmp/org.eclipse.gmf.runtime/features/org.eclipse.gmf.runtime-feature
feature@org.eclipse.gmf.runtime.notation=v20080916-2008,:pserver:anonymous@dev.eclipse.org:/cvsroot/modeling,,org.eclipse.gmp/org.eclipse.gmf.notation/features/org.eclipse.gmf.runtime.notation-feature
feature@org.eclipse.gmf.runtime.thirdparty=v20080731-1518,:pserver:anonymous@dev.eclipse.org:/cvsroot/modeling,,org.eclipse.gmp/org.eclipse.gmf.runtime/features/org.eclipse.gmf.runtime.thirdparty-feature
feature@org.eclipse.gmf.runtime.thirdparty.source=v20080727-0900,:pserver:anonymous@dev.eclipse.org:/cvsroot/modeling,,org.eclipse.gmp/org.eclipse.gmf.runtime/features/org.eclipse.gmf.runtime.thirdparty.source-feature

!*** GMF runtime plug-ins *******************************************************************
plugin@org.eclipse.gmf=v20080425-1959,:pserver:anonymous@dev.eclipse.org:/cvsroot/modeling,,org.eclipse.gmp/org.eclipse.gmf.runtime/plugins/org.eclipse.gmf
plugin@org.eclipse.gmf.runtime.common.core=v20080425-1959,:pserver:anonymous@dev.eclipse.org:/cvsroot/modeling,,org.eclipse.gmp/org.eclipse.gmf.runtime/plugins/org.eclipse.gmf.runtime.common.core
plugin@org.eclipse.gmf.runtime.common.ui=v20081023-2107,:pserver:anonymous@dev.eclipse.org:/cvsroot/modeling,,org.eclipse.gmp/org.eclipse.gmf.runtime/plugins/org.eclipse.gmf.runtime.common.ui
plugin@org.eclipse.gmf.runtime.common.ui.action=v20080425-1959,:pserver:anonymous@dev.eclipse.org:/cvsroot/modeling,,org.eclipse.gmp/org.eclipse.gmf.runtime/plugins/org.eclipse.gmf.runtime.common.ui.action
plugin@org.eclipse.gmf.runtime.common.ui.action.ide=v20080425-1959,:pserver:anonymous@dev.eclipse.org:/cvsroot/modeling,,org.eclipse.gmp/org.eclipse.gmf.runtime/plugins/org.eclipse.gmf.runtime.common.ui.action.ide
plugin@org.eclipse.gmf.runtime.common.ui.printing=v20080425-1959,:pserver:anonymous@dev.eclipse.org:/cvsroot/modeling,,org.eclipse.gmp/org.eclipse.gmf.runtime/plugins/org.eclipse.gmf.runtime.common.ui.printing
plugin@org.eclipse.gmf.runtime.common.ui.services=v20090922-0314,:pserver:anonymous@dev.eclipse.org:/cvsroot/modeling,,org.eclipse.gmp/org.eclipse.gmf.runtime/plugins/org.eclipse.gmf.runtime.common.ui.services
plugin@org.eclipse.gmf.runtime.common.ui.services.action=v20080507-2230,:pserver:anonymous@dev.eclipse.org:/cvsroot/modeling,,org.eclipse.gmp/org.eclipse.gmf.runtime/plugins/org.eclipse.gmf.runtime.common.ui.services.action
plugin@org.eclipse.gmf.runtime.common.ui.services.dnd=v20080425-1959,:pserver:anonymous@dev.eclipse.org:/cvsroot/modeling,,org.eclipse.gmp/org.eclipse.gmf.runtime/plugins/org.eclipse.gmf.runtime.common.ui.services.dnd
plugin@org.eclipse.gmf.runtime.common.ui.services.dnd.ide=v20080425-1959,:pserver:anonymous@dev.eclipse.org:/cvsroot/modeling,,org.eclipse.gmp/org.eclipse.gmf.runtime/plugins/org.eclipse.gmf.runtime.common.ui.services.dnd.ide
plugin@org.eclipse.gmf.runtime.common.ui.services.properties=v20080425-1959,:pserver:anonymous@dev.eclipse.org:/cvsroot/modeling,,org.eclipse.gmp/org.eclipse.gmf.runtime/plugins/org.eclipse.gmf.runtime.common.ui.services.properties
plugin@org.eclipse.gmf.runtime.diagram.core=v20100330-0314,:pserver:anonymous@dev.eclipse.org:/cvsroot/modeling,,org.eclipse.gmp/org.eclipse.gmf.runtime/plugins/org.eclipse.gmf.runtime.diagram.core
plugin@org.eclipse.gmf.runtime.notation=v20090304-0314,:pserver:anonymous@dev.eclipse.org:/cvsroot/modeling,,org.eclipse.gmp/org.eclipse.gmf.notation/plugins/org.eclipse.gmf.runtime.notation
plugin@org.eclipse.gmf.runtime.notation.edit=v20080507-1326,:pserver:anonymous@dev.eclipse.org:/cvsroot/modeling,,org.eclipse.gmp/org.eclipse.gmf.notation/plugins/org.eclipse.gmf.runtime.notation.edit
plugin@org.eclipse.gmf.runtime.notation.providers=v20080425-1959,:pserver:anonymous@dev.eclipse.org:/cvsroot/modeling,,org.eclipse.gmp/org.eclipse.gmf.runtime/plugins/org.eclipse.gmf.runtime.notation.providers
plugin@org.eclipse.gmf.runtime.diagram.ui=v20100521-0314,:pserver:anonymous@dev.eclipse.org:/cvsroot/modeling,,org.eclipse.gmp/org.eclipse.gmf.runtime/plugins/org.eclipse.gmf.runtime.diagram.ui
plugin@org.eclipse.gmf.runtime.diagram.ui.actions=v20080916-2008,:pserver:anonymous@dev.eclipse.org:/cvsroot/modeling,,org.eclipse.gmp/org.eclipse.gmf.runtime/plugins/org.eclipse.gmf.runtime.diagram.ui.actions
plugin@org.eclipse.gmf.runtime.diagram.ui.dnd=v20080425-1959,:pserver:anonymous@dev.eclipse.org:/cvsroot/modeling,,org.eclipse.gmp/org.eclipse.gmf.runtime/plugins/org.eclipse.gmf.runtime.diagram.ui.dnd
plugin@org.eclipse.gmf.runtime.diagram.ui.geoshapes=v20090304-0314,:pserver:anonymous@dev.eclipse.org:/cvsroot/modeling,,org.eclipse.gmp/org.eclipse.gmf.runtime/plugins/org.eclipse.gmf.runtime.diagram.ui.geoshapes
plugin@org.eclipse.gmf.runtime.diagram.ui.printing=v20080911-1506,:pserver:anonymous@dev.eclipse.org:/cvsroot/modeling,,org.eclipse.gmp/org.eclipse.gmf.runtime/plugins/org.eclipse.gmf.runtime.diagram.ui.printing
plugin@org.eclipse.gmf.runtime.diagram.ui.printing.render=v20080916-2008,:pserver:anonymous@dev.eclipse.org:/cvsroot/modeling,,org.eclipse.gmp/org.eclipse.gmf.runtime/plugins/org.eclipse.gmf.runtime.diagram.ui.printing.render
plugin@org.eclipse.gmf.runtime.diagram.ui.properties=v20090922-0314,:pserver:anonymous@dev.eclipse.org:/cvsroot/modeling,,org.eclipse.gmp/org.eclipse.gmf.runtime/plugins/org.eclipse.gmf.runtime.diagram.ui.properties
plugin@org.eclipse.gmf.runtime.diagram.ui.providers=v20080916-2008,:pserver:anonymous@dev.eclipse.org:/cvsroot/modeling,,org.eclipse.gmp/org.eclipse.gmf.runtime/plugins/org.eclipse.gmf.runtime.diagram.ui.providers
plugin@org.eclipse.gmf.runtime.diagram.ui.providers.ide=v20080425-1959,:pserver:anonymous@dev.eclipse.org:/cvsroot/modeling,,org.eclipse.gmp/org.eclipse.gmf.runtime/plugins/org.eclipse.gmf.runtime.diagram.ui.providers.ide
plugin@org.eclipse.gmf.runtime.diagram.ui.render=v20091016-0314,:pserver:anonymous@dev.eclipse.org:/cvsroot/modeling,,org.eclipse.gmp/org.eclipse.gmf.runtime/plugins/org.eclipse.gmf.runtime.diagram.ui.render
plugin@org.eclipse.gmf.runtime.diagram.ui.resources.editor=v20080716-1600,:pserver:anonymous@dev.eclipse.org:/cvsroot/modeling,,org.eclipse.gmp/org.eclipse.gmf.runtime/plugins/org.eclipse.gmf.runtime.diagram.ui.resources.editor
plugin@org.eclipse.gmf.runtime.diagram.ui.resources.editor.ide=v20090122-1525,:pserver:anonymous@dev.eclipse.org:/cvsroot/modeling,,org.eclipse.gmp/org.eclipse.gmf.runtime/plugins/org.eclipse.gmf.runtime.diagram.ui.resources.editor.ide
plugin@org.eclipse.gmf.runtime.draw2d.ui=v20100115-0314,:pserver:anonymous@dev.eclipse.org:/cvsroot/modeling,,org.eclipse.gmp/org.eclipse.gmf.runtime/plugins/org.eclipse.gmf.runtime.draw2d.ui
plugin@org.eclipse.gmf.runtime.draw2d.ui.render=v20090922-0314,:pserver:anonymous@dev.eclipse.org:/cvsroot/modeling,,org.eclipse.gmp/org.eclipse.gmf.runtime/plugins/org.eclipse.gmf.runtime.draw2d.ui.render
plugin@org.eclipse.gmf.runtime.draw2d.ui.render.awt=v20090922-0314,:pserver:anonymous@dev.eclipse.org:/cvsroot/modeling,,org.eclipse.gmp/org.eclipse.gmf.runtime/plugins/org.eclipse.gmf.runtime.draw2d.ui.render.awt
plugin@org.eclipse.gmf.runtime.gef.ui=v20080813-1510,:pserver:anonymous@dev.eclipse.org:/cvsroot/modeling,,org.eclipse.gmp/org.eclipse.gmf.runtime/plugins/org.eclipse.gmf.runtime.gef.ui
plugin@org.eclipse.gmf.runtime.emf.commands.core=v20080716-1600,:pserver:anonymous@dev.eclipse.org:/cvsroot/modeling,,org.eclipse.gmp/org.eclipse.gmf.runtime/plugins/org.eclipse.gmf.runtime.emf.commands.core
plugin@org.eclipse.gmf.runtime.emf.core=v20091124-0314,:pserver:anonymous@dev.eclipse.org:/cvsroot/modeling,,org.eclipse.gmp/org.eclipse.gmf.runtime/plugins/org.eclipse.gmf.runtime.emf.core
plugin@org.eclipse.gmf.runtime.emf.ui=v20080516-1748,:pserver:anonymous@dev.eclipse.org:/cvsroot/modeling,,org.eclipse.gmp/org.eclipse.gmf.runtime/plugins/org.eclipse.gmf.runtime.emf.ui
plugin@org.eclipse.gmf.runtime.emf.ui.properties=v20080425-1959,:pserver:anonymous@dev.eclipse.org:/cvsroot/modeling,,org.eclipse.gmp/org.eclipse.gmf.runtime/plugins/org.eclipse.gmf.runtime.emf.ui.properties
plugin@org.eclipse.gmf.runtime.emf.type.core=v20080807-1325,:pserver:anonymous@dev.eclipse.org:/cvsroot/modeling,,org.eclipse.gmp/org.eclipse.gmf.runtime/plugins/org.eclipse.gmf.runtime.emf.type.core
plugin@org.eclipse.gmf.runtime.emf.type.ui=v20080425-1959,:pserver:anonymous@dev.eclipse.org:/cvsroot/modeling,,org.eclipse.gmp/org.eclipse.gmf.runtime/plugins/org.eclipse.gmf.runtime.emf.type.ui
plugin@org.eclipse.gmf.runtime.emf.clipboard.core=v20090922-0314,:pserver:anonymous@dev.eclipse.org:/cvsroot/modeling,,org.eclipse.gmp/org.eclipse.gmf.runtime/plugins/org.eclipse.gmf.runtime.emf.clipboard.core

!*** GMF fragments ***************************************************************************
fragment@org.eclipse.gmf.runtime.common.ui.printing.win32=v20080612-1355,:pserver:anonymous@dev.eclipse.org:/cvsroot/modeling,,org.eclipse.gmp/org.eclipse.gmf.runtime/plugins/org.eclipse.gmf.runtime.common.ui.printing.win32